// Jest Snapshot v1, https://goo.gl/fbAQLP

exports[`renders correctly 1`] = `
<main
  className="quote"
>
  <p>
    Mathematics is not about numbers, equations, computations, or algorithms: it is about understanding.
    <br />
    -William Paul Thurtson
  </p>
</main>
`;
